// Jest Snapshot v1, https://goo.gl/fbAQLP

exports[`RtStacked tests should adjust style based on props 1`] = `
<div
  style={
    Object {
      "height": "100px",
      "width": "100px",
    }
  }
/>
`;
